Cannot find resource 'human' with ID '11111111-1111-1111-1111-111111111111'
