A positional argument is required for this command

Hint:
Try running: scw test human get <human-id> invalid=true
