A positional argument is required for this command

Hint:
Try running: scw test human update 0194fdc2-fa2f-fcc0-41d3-ff12045b73c8 height=155.666 shoe-size=36.0 altitude-in-meter=2147483647 altitude-in-millimeter=2147483647285 fingers-count=20 hair-count=9223372036854775809 is-happy=true eyes-color=blue
