Initialize the active profile of the config located in /Users/qbrosse/.config/scw/config.yaml

USAGE:
  scw init [arg=value ...]

ARGS:
  [secret-key]             Scaleway secret-key
  [region]                 Region to target. If none is passed will use default region from the config (fr-par | nl-ams)
  [organization-id]        Organization ID to use. If none is passed will use default organization ID from the config
  [send-telemetry]         Send usage statistics and diagnostics
  [with-ssh-key=true]      Whether the ssh key for managing instances should be uploaded automatically
  [install-autocomplete]   Whether the autocomplete script should be installed during initialisation
  [zone]                   Zone to target. If none is passed will use default zone from the config

FLAGS:
  -h, --help   help for init

GLOBAL FLAGS:
  -D, --debug            Enable debug mode
  -o, --output string    Output format: json or human
  -p, --profile string   The config profile to use

SEE ALSO:
  # Config management help
  scw config --help
